// Jest Snapshot v1, https://goo.gl/fbAQLP

exports[`DangerDays Component renders a row with two labels 1`] = `
<View
  style={
    Object {
      "flexDirection": "row",
      "marginBottom": 10,
      "marginTop": 10,
    }
  }
>
  <View
    style={
      Object {
        "flex": 1,
      }
    }
  >
    <Text
      style={
        Array [
          Object {
            "fontFamily": "Abel",
            "fontSize": 20,
            "margin": 0,
            "padding": 0,
          },
          Object {
            "color": "#8066C2",
          },
        ]
      }
    >
      Best Day
    </Text>
    <Text
      style={
        Array [
          Object {
            "fontFamily": "Abel",
            "marginTop": -5,
            "padding": 0,
          },
          Object {
            "fontSize": 30,
          },
        ]
      }
    >
      Monday
    </Text>
  </View>
  <View
    style={
      Object {
        "flex": 1,
      }
    }
  >
    <Text
      style={
        Array [
          Object {
            "fontFamily": "Abel",
            "fontSize": 20,
            "margin": 0,
            "padding": 0,
          },
          Object {
            "color": "#8066C2",
          },
        ]
      }
    >
      Worst Day
    </Text>
    <Text
      style={
        Array [
          Object {
            "fontFamily": "Abel",
            "marginTop": -5,
            "padding": 0,
          },
          Object {
            "fontSize": 30,
          },
        ]
      }
    >
      Thursday
    </Text>
  </View>
</View>
`;
