// Jest Snapshot v1, https://goo.gl/fbAQLP

exports[`HabbajetList Component can handle an empty habbajet array 1`] = `
<View
  style={
    Object {
      "justifyContent": "space-between",
    }
  }
>
  <Text
    style={
      Object {
        "color": "#959595",
        "fontFamily": "Abel",
        "fontSize": 20,
        "margin": 0,
        "padding": 0,
      }
    }
  >
    My Habits
  </Text>
</View>
`;

exports[`HabbajetList Component will create buttons out of an array of habbajets 1`] = `
<View
  style={
    Object {
      "justifyContent": "space-between",
    }
  }
>
  <Text
    style={
      Object {
        "color": "#959595",
        "fontFamily": "Abel",
        "fontSize": 20,
        "margin": 0,
        "padding": 0,
      }
    }
  >
    My Habits
  </Text>
  <View
    accessible={true}
    focusable={true}
    isTVSelectable={true}
    onClick={[Function]}
    onResponderGrant={[Function]}
    onResponderMove={[Function]}
    onResponderRelease={[Function]}
    onResponderTerminate={[Function]}
    onResponderTerminationRequest={[Function]}
    onStartShouldSetResponder={[Function]}
    style={
      Object {
        "backgroundColor": "#8066C2",
        "borderRadius": 10,
        "marginBottom": 10,
        "opacity": 1,
        "width": "100%",
      }
    }
  >
    <Text
      style={
        Array [
          Object {
            "alignSelf": "center",
            "color": "#fff",
            "fontFamily": "Abel",
            "fontSize": 30,
            "padding": 10,
            "textAlign": "center",
            "width": "100%",
          },
        ]
      }
    >
      Habbajet 0
    </Text>
  </View>
  <View
    accessible={true}
    focusable={true}
    isTVSelectable={true}
    onClick={[Function]}
    onResponderGrant={[Function]}
    onResponderMove={[Function]}
    onResponderRelease={[Function]}
    onResponderTerminate={[Function]}
    onResponderTerminationRequest={[Function]}
    onStartShouldSetResponder={[Function]}
    style={
      Object {
        "backgroundColor": "#2AAD5E",
        "borderRadius": 10,
        "marginBottom": 10,
        "opacity": 1,
        "width": "100%",
      }
    }
  >
    <Text
      style={
        Array [
          Object {
            "alignSelf": "center",
            "color": "#fff",
            "fontFamily": "Abel",
            "fontSize": 30,
            "padding": 10,
            "textAlign": "center",
            "width": "100%",
          },
        ]
      }
    >
      Habbajet 1
    </Text>
  </View>
  <View
    accessible={true}
    focusable={true}
    isTVSelectable={true}
    onClick={[Function]}
    onResponderGrant={[Function]}
    onResponderMove={[Function]}
    onResponderRelease={[Function]}
    onResponderTerminate={[Function]}
    onResponderTerminationRequest={[Function]}
    onStartShouldSetResponder={[Function]}
    style={
      Object {
        "backgroundColor": "#E04747",
        "borderRadius": 10,
        "marginBottom": 10,
        "opacity": 1,
        "width": "100%",
      }
    }
  >
    <Text
      style={
        Array [
          Object {
            "alignSelf": "center",
            "color": "#fff",
            "fontFamily": "Abel",
            "fontSize": 30,
            "padding": 10,
            "textAlign": "center",
            "width": "100%",
          },
        ]
      }
    >
      Habbajet 2
    </Text>
  </View>
  <View
    accessible={true}
    focusable={true}
    isTVSelectable={true}
    onClick={[Function]}
    onResponderGrant={[Function]}
    onResponderMove={[Function]}
    onResponderRelease={[Function]}
    onResponderTerminate={[Function]}
    onResponderTerminationRequest={[Function]}
    onStartShouldSetResponder={[Function]}
    style={
      Object {
        "backgroundColor": "#7F90EC",
        "borderRadius": 10,
        "marginBottom": 10,
        "opacity": 1,
        "width": "100%",
      }
    }
  >
    <Text
      style={
        Array [
          Object {
            "alignSelf": "center",
            "color": "#fff",
            "fontFamily": "Abel",
            "fontSize": 30,
            "padding": 10,
            "textAlign": "center",
            "width": "100%",
          },
        ]
      }
    >
      Habbajet 3
    </Text>
  </View>
  <View
    accessible={true}
    focusable={true}
    isTVSelectable={true}
    onClick={[Function]}
    onResponderGrant={[Function]}
    onResponderMove={[Function]}
    onResponderRelease={[Function]}
    onResponderTerminate={[Function]}
    onResponderTerminationRequest={[Function]}
    onStartShouldSetResponder={[Function]}
    style={
      Object {
        "backgroundColor": "#B1B952",
        "borderRadius": 10,
        "marginBottom": 10,
        "opacity": 1,
        "width": "100%",
      }
    }
  >
    <Text
      style={
        Array [
          Object {
            "alignSelf": "center",
            "color": "#fff",
            "fontFamily": "Abel",
            "fontSize": 30,
            "padding": 10,
            "textAlign": "center",
            "width": "100%",
          },
        ]
      }
    >
      Habbajet 4
    </Text>
  </View>
  <View
    accessible={true}
    focusable={true}
    isTVSelectable={true}
    onClick={[Function]}
    onResponderGrant={[Function]}
    onResponderMove={[Function]}
    onResponderRelease={[Function]}
    onResponderTerminate={[Function]}
    onResponderTerminationRequest={[Function]}
    onStartShouldSetResponder={[Function]}
    style={
      Object {
        "backgroundColor": "#000000",
        "borderRadius": 10,
        "marginBottom": 10,
        "opacity": 1,
        "width": "100%",
      }
    }
  >
    <Text
      style={
        Array [
          Object {
            "alignSelf": "center",
            "color": "#fff",
            "fontFamily": "Abel",
            "fontSize": 30,
            "padding": 10,
            "textAlign": "center",
            "width": "100%",
          },
        ]
      }
    >
      Habbajet 5
    </Text>
  </View>
  <View
    accessible={true}
    focusable={true}
    isTVSelectable={true}
    onClick={[Function]}
    onResponderGrant={[Function]}
    onResponderMove={[Function]}
    onResponderRelease={[Function]}
    onResponderTerminate={[Function]}
    onResponderTerminationRequest={[Function]}
    onStartShouldSetResponder={[Function]}
    style={
      Object {
        "backgroundColor": "#8066C2",
        "borderRadius": 10,
        "marginBottom": 10,
        "opacity": 1,
        "width": "100%",
      }
    }
  >
    <Text
      style={
        Array [
          Object {
            "alignSelf": "center",
            "color": "#fff",
            "fontFamily": "Abel",
            "fontSize": 30,
            "padding": 10,
            "textAlign": "center",
            "width": "100%",
          },
        ]
      }
    >
      Habbajet 6
    </Text>
  </View>
  <View
    accessible={true}
    focusable={true}
    isTVSelectable={true}
    onClick={[Function]}
    onResponderGrant={[Function]}
    onResponderMove={[Function]}
    onResponderRelease={[Function]}
    onResponderTerminate={[Function]}
    onResponderTerminationRequest={[Function]}
    onStartShouldSetResponder={[Function]}
    style={
      Object {
        "backgroundColor": "#2AAD5E",
        "borderRadius": 10,
        "marginBottom": 10,
        "opacity": 1,
        "width": "100%",
      }
    }
  >
    <Text
      style={
        Array [
          Object {
            "alignSelf": "center",
            "color": "#fff",
            "fontFamily": "Abel",
            "fontSize": 30,
            "padding": 10,
            "textAlign": "center",
            "width": "100%",
          },
        ]
      }
    >
      Habbajet 7
    </Text>
  </View>
  <View
    accessible={true}
    focusable={true}
    isTVSelectable={true}
    onClick={[Function]}
    onResponderGrant={[Function]}
    onResponderMove={[Function]}
    onResponderRelease={[Function]}
    onResponderTerminate={[Function]}
    onResponderTerminationRequest={[Function]}
    onStartShouldSetResponder={[Function]}
    style={
      Object {
        "backgroundColor": "#E04747",
        "borderRadius": 10,
        "marginBottom": 10,
        "opacity": 1,
        "width": "100%",
      }
    }
  >
    <Text
      style={
        Array [
          Object {
            "alignSelf": "center",
            "color": "#fff",
            "fontFamily": "Abel",
            "fontSize": 30,
            "padding": 10,
            "textAlign": "center",
            "width": "100%",
          },
        ]
      }
    >
      Habbajet 8
    </Text>
  </View>
  <View
    accessible={true}
    focusable={true}
    isTVSelectable={true}
    onClick={[Function]}
    onResponderGrant={[Function]}
    onResponderMove={[Function]}
    onResponderRelease={[Function]}
    onResponderTerminate={[Function]}
    onResponderTerminationRequest={[Function]}
    onStartShouldSetResponder={[Function]}
    style={
      Object {
        "backgroundColor": "#7F90EC",
        "borderRadius": 10,
        "marginBottom": 10,
        "opacity": 1,
        "width": "100%",
      }
    }
  >
    <Text
      style={
        Array [
          Object {
            "alignSelf": "center",
            "color": "#fff",
            "fontFamily": "Abel",
            "fontSize": 30,
            "padding": 10,
            "textAlign": "center",
            "width": "100%",
          },
        ]
      }
    >
      Habbajet 9
    </Text>
  </View>
  <View
    accessible={true}
    focusable={true}
    isTVSelectable={true}
    onClick={[Function]}
    onResponderGrant={[Function]}
    onResponderMove={[Function]}
    onResponderRelease={[Function]}
    onResponderTerminate={[Function]}
    onResponderTerminationRequest={[Function]}
    onStartShouldSetResponder={[Function]}
    style={
      Object {
        "backgroundColor": "#B1B952",
        "borderRadius": 10,
        "marginBottom": 10,
        "opacity": 1,
        "width": "100%",
      }
    }
  >
    <Text
      style={
        Array [
          Object {
            "alignSelf": "center",
            "color": "#fff",
            "fontFamily": "Abel",
            "fontSize": 30,
            "padding": 10,
            "textAlign": "center",
            "width": "100%",
          },
        ]
      }
    >
      Habbajet 10
    </Text>
  </View>
  <View
    accessible={true}
    focusable={true}
    isTVSelectable={true}
    onClick={[Function]}
    onResponderGrant={[Function]}
    onResponderMove={[Function]}
    onResponderRelease={[Function]}
    onResponderTerminate={[Function]}
    onResponderTerminationRequest={[Function]}
    onStartShouldSetResponder={[Function]}
    style={
      Object {
        "backgroundColor": "#000000",
        "borderRadius": 10,
        "marginBottom": 10,
        "opacity": 1,
        "width": "100%",
      }
    }
  >
    <Text
      style={
        Array [
          Object {
            "alignSelf": "center",
            "color": "#fff",
            "fontFamily": "Abel",
            "fontSize": 30,
            "padding": 10,
            "textAlign": "center",
            "width": "100%",
          },
        ]
      }
    >
      Habbajet 11
    </Text>
  </View>
  <View
    accessible={true}
    focusable={true}
    isTVSelectable={true}
    onClick={[Function]}
    onResponderGrant={[Function]}
    onResponderMove={[Function]}
    onResponderRelease={[Function]}
    onResponderTerminate={[Function]}
    onResponderTerminationRequest={[Function]}
    onStartShouldSetResponder={[Function]}
    style={
      Object {
        "backgroundColor": "#8066C2",
        "borderRadius": 10,
        "marginBottom": 10,
        "opacity": 1,
        "width": "100%",
      }
    }
  >
    <Text
      style={
        Array [
          Object {
            "alignSelf": "center",
            "color": "#fff",
            "fontFamily": "Abel",
            "fontSize": 30,
            "padding": 10,
            "textAlign": "center",
            "width": "100%",
          },
        ]
      }
    >
      Habbajet 12
    </Text>
  </View>
  <View
    accessible={true}
    focusable={true}
    isTVSelectable={true}
    onClick={[Function]}
    onResponderGrant={[Function]}
    onResponderMove={[Function]}
    onResponderRelease={[Function]}
    onResponderTerminate={[Function]}
    onResponderTerminationRequest={[Function]}
    onStartShouldSetResponder={[Function]}
    style={
      Object {
        "backgroundColor": "#2AAD5E",
        "borderRadius": 10,
        "marginBottom": 10,
        "opacity": 1,
        "width": "100%",
      }
    }
  >
    <Text
      style={
        Array [
          Object {
            "alignSelf": "center",
            "color": "#fff",
            "fontFamily": "Abel",
            "fontSize": 30,
            "padding": 10,
            "textAlign": "center",
            "width": "100%",
          },
        ]
      }
    >
      Habbajet 13
    </Text>
  </View>
  <View
    accessible={true}
    focusable={true}
    isTVSelectable={true}
    onClick={[Function]}
    onResponderGrant={[Function]}
    onResponderMove={[Function]}
    onResponderRelease={[Function]}
    onResponderTerminate={[Function]}
    onResponderTerminationRequest={[Function]}
    onStartShouldSetResponder={[Function]}
    style={
      Object {
        "backgroundColor": "#E04747",
        "borderRadius": 10,
        "marginBottom": 10,
        "opacity": 1,
        "width": "100%",
      }
    }
  >
    <Text
      style={
        Array [
          Object {
            "alignSelf": "center",
            "color": "#fff",
            "fontFamily": "Abel",
            "fontSize": 30,
            "padding": 10,
            "textAlign": "center",
            "width": "100%",
          },
        ]
      }
    >
      Habbajet 14
    </Text>
  </View>
  <View
    accessible={true}
    focusable={true}
    isTVSelectable={true}
    onClick={[Function]}
    onResponderGrant={[Function]}
    onResponderMove={[Function]}
    onResponderRelease={[Function]}
    onResponderTerminate={[Function]}
    onResponderTerminationRequest={[Function]}
    onStartShouldSetResponder={[Function]}
    style={
      Object {
        "backgroundColor": "#7F90EC",
        "borderRadius": 10,
        "marginBottom": 10,
        "opacity": 1,
        "width": "100%",
      }
    }
  >
    <Text
      style={
        Array [
          Object {
            "alignSelf": "center",
            "color": "#fff",
            "fontFamily": "Abel",
            "fontSize": 30,
            "padding": 10,
            "textAlign": "center",
            "width": "100%",
          },
        ]
      }
    >
      Habbajet 15
    </Text>
  </View>
  <View
    accessible={true}
    focusable={true}
    isTVSelectable={true}
    onClick={[Function]}
    onResponderGrant={[Function]}
    onResponderMove={[Function]}
    onResponderRelease={[Function]}
    onResponderTerminate={[Function]}
    onResponderTerminationRequest={[Function]}
    onStartShouldSetResponder={[Function]}
    style={
      Object {
        "backgroundColor": "#B1B952",
        "borderRadius": 10,
        "marginBottom": 10,
        "opacity": 1,
        "width": "100%",
      }
    }
  >
    <Text
      style={
        Array [
          Object {
            "alignSelf": "center",
            "color": "#fff",
            "fontFamily": "Abel",
            "fontSize": 30,
            "padding": 10,
            "textAlign": "center",
            "width": "100%",
          },
        ]
      }
    >
      Habbajet 16
    </Text>
  </View>
  <View
    accessible={true}
    focusable={true}
    isTVSelectable={true}
    onClick={[Function]}
    onResponderGrant={[Function]}
    onResponderMove={[Function]}
    onResponderRelease={[Function]}
    onResponderTerminate={[Function]}
    onResponderTerminationRequest={[Function]}
    onStartShouldSetResponder={[Function]}
    style={
      Object {
        "backgroundColor": "#000000",
        "borderRadius": 10,
        "marginBottom": 10,
        "opacity": 1,
        "width": "100%",
      }
    }
  >
    <Text
      style={
        Array [
          Object {
            "alignSelf": "center",
            "color": "#fff",
            "fontFamily": "Abel",
            "fontSize": 30,
            "padding": 10,
            "textAlign": "center",
            "width": "100%",
          },
        ]
      }
    >
      Habbajet 17
    </Text>
  </View>
  <View
    accessible={true}
    focusable={true}
    isTVSelectable={true}
    onClick={[Function]}
    onResponderGrant={[Function]}
    onResponderMove={[Function]}
    onResponderRelease={[Function]}
    onResponderTerminate={[Function]}
    onResponderTerminationRequest={[Function]}
    onStartShouldSetResponder={[Function]}
    style={
      Object {
        "backgroundColor": "#8066C2",
        "borderRadius": 10,
        "marginBottom": 10,
        "opacity": 1,
        "width": "100%",
      }
    }
  >
    <Text
      style={
        Array [
          Object {
            "alignSelf": "center",
            "color": "#fff",
            "fontFamily": "Abel",
            "fontSize": 30,
            "padding": 10,
            "textAlign": "center",
            "width": "100%",
          },
        ]
      }
    >
      Habbajet 18
    </Text>
  </View>
  <View
    accessible={true}
    focusable={true}
    isTVSelectable={true}
    onClick={[Function]}
    onResponderGrant={[Function]}
    onResponderMove={[Function]}
    onResponderRelease={[Function]}
    onResponderTerminate={[Function]}
    onResponderTerminationRequest={[Function]}
    onStartShouldSetResponder={[Function]}
    style={
      Object {
        "backgroundColor": "#2AAD5E",
        "borderRadius": 10,
        "marginBottom": 10,
        "opacity": 1,
        "width": "100%",
      }
    }
  >
    <Text
      style={
        Array [
          Object {
            "alignSelf": "center",
            "color": "#fff",
            "fontFamily": "Abel",
            "fontSize": 30,
            "padding": 10,
            "textAlign": "center",
            "width": "100%",
          },
        ]
      }
    >
      Habbajet 19
    </Text>
  </View>
  <View
    accessible={true}
    focusable={true}
    isTVSelectable={true}
    onClick={[Function]}
    onResponderGrant={[Function]}
    onResponderMove={[Function]}
    onResponderRelease={[Function]}
    onResponderTerminate={[Function]}
    onResponderTerminationRequest={[Function]}
    onStartShouldSetResponder={[Function]}
    style={
      Object {
        "backgroundColor": "#E04747",
        "borderRadius": 10,
        "marginBottom": 10,
        "opacity": 1,
        "width": "100%",
      }
    }
  >
    <Text
      style={
        Array [
          Object {
            "alignSelf": "center",
            "color": "#fff",
            "fontFamily": "Abel",
            "fontSize": 30,
            "padding": 10,
            "textAlign": "center",
            "width": "100%",
          },
        ]
      }
    >
      Habbajet 20
    </Text>
  </View>
  <View
    accessible={true}
    focusable={true}
    isTVSelectable={true}
    onClick={[Function]}
    onResponderGrant={[Function]}
    onResponderMove={[Function]}
    onResponderRelease={[Function]}
    onResponderTerminate={[Function]}
    onResponderTerminationRequest={[Function]}
    onStartShouldSetResponder={[Function]}
    style={
      Object {
        "backgroundColor": "#7F90EC",
        "borderRadius": 10,
        "marginBottom": 10,
        "opacity": 1,
        "width": "100%",
      }
    }
  >
    <Text
      style={
        Array [
          Object {
            "alignSelf": "center",
            "color": "#fff",
            "fontFamily": "Abel",
            "fontSize": 30,
            "padding": 10,
            "textAlign": "center",
            "width": "100%",
          },
        ]
      }
    >
      Habbajet 21
    </Text>
  </View>
  <View
    accessible={true}
    focusable={true}
    isTVSelectable={true}
    onClick={[Function]}
    onResponderGrant={[Function]}
    onResponderMove={[Function]}
    onResponderRelease={[Function]}
    onResponderTerminate={[Function]}
    onResponderTerminationRequest={[Function]}
    onStartShouldSetResponder={[Function]}
    style={
      Object {
        "backgroundColor": "#B1B952",
        "borderRadius": 10,
        "marginBottom": 10,
        "opacity": 1,
        "width": "100%",
      }
    }
  >
    <Text
      style={
        Array [
          Object {
            "alignSelf": "center",
            "color": "#fff",
            "fontFamily": "Abel",
            "fontSize": 30,
            "padding": 10,
            "textAlign": "center",
            "width": "100%",
          },
        ]
      }
    >
      Habbajet 22
    </Text>
  </View>
  <View
    accessible={true}
    focusable={true}
    isTVSelectable={true}
    onClick={[Function]}
    onResponderGrant={[Function]}
    onResponderMove={[Function]}
    onResponderRelease={[Function]}
    onResponderTerminate={[Function]}
    onResponderTerminationRequest={[Function]}
    onStartShouldSetResponder={[Function]}
    style={
      Object {
        "backgroundColor": "#000000",
        "borderRadius": 10,
        "marginBottom": 10,
        "opacity": 1,
        "width": "100%",
      }
    }
  >
    <Text
      style={
        Array [
          Object {
            "alignSelf": "center",
            "color": "#fff",
            "fontFamily": "Abel",
            "fontSize": 30,
            "padding": 10,
            "textAlign": "center",
            "width": "100%",
          },
        ]
      }
    >
      Habbajet 23
    </Text>
  </View>
  <View
    accessible={true}
    focusable={true}
    isTVSelectable={true}
    onClick={[Function]}
    onResponderGrant={[Function]}
    onResponderMove={[Function]}
    onResponderRelease={[Function]}
    onResponderTerminate={[Function]}
    onResponderTerminationRequest={[Function]}
    onStartShouldSetResponder={[Function]}
    style={
      Object {
        "backgroundColor": "#8066C2",
        "borderRadius": 10,
        "marginBottom": 10,
        "opacity": 1,
        "width": "100%",
      }
    }
  >
    <Text
      style={
        Array [
          Object {
            "alignSelf": "center",
            "color": "#fff",
            "fontFamily": "Abel",
            "fontSize": 30,
            "padding": 10,
            "textAlign": "center",
            "width": "100%",
          },
        ]
      }
    >
      Habbajet 24
    </Text>
  </View>
  <View
    accessible={true}
    focusable={true}
    isTVSelectable={true}
    onClick={[Function]}
    onResponderGrant={[Function]}
    onResponderMove={[Function]}
    onResponderRelease={[Function]}
    onResponderTerminate={[Function]}
    onResponderTerminationRequest={[Function]}
    onStartShouldSetResponder={[Function]}
    style={
      Object {
        "backgroundColor": "#2AAD5E",
        "borderRadius": 10,
        "marginBottom": 10,
        "opacity": 1,
        "width": "100%",
      }
    }
  >
    <Text
      style={
        Array [
          Object {
            "alignSelf": "center",
            "color": "#fff",
            "fontFamily": "Abel",
            "fontSize": 30,
            "padding": 10,
            "textAlign": "center",
            "width": "100%",
          },
        ]
      }
    >
      Habbajet 25
    </Text>
  </View>
  <View
    accessible={true}
    focusable={true}
    isTVSelectable={true}
    onClick={[Function]}
    onResponderGrant={[Function]}
    onResponderMove={[Function]}
    onResponderRelease={[Function]}
    onResponderTerminate={[Function]}
    onResponderTerminationRequest={[Function]}
    onStartShouldSetResponder={[Function]}
    style={
      Object {
        "backgroundColor": "#E04747",
        "borderRadius": 10,
        "marginBottom": 10,
        "opacity": 1,
        "width": "100%",
      }
    }
  >
    <Text
      style={
        Array [
          Object {
            "alignSelf": "center",
            "color": "#fff",
            "fontFamily": "Abel",
            "fontSize": 30,
            "padding": 10,
            "textAlign": "center",
            "width": "100%",
          },
        ]
      }
    >
      Habbajet 26
    </Text>
  </View>
  <View
    accessible={true}
    focusable={true}
    isTVSelectable={true}
    onClick={[Function]}
    onResponderGrant={[Function]}
    onResponderMove={[Function]}
    onResponderRelease={[Function]}
    onResponderTerminate={[Function]}
    onResponderTerminationRequest={[Function]}
    onStartShouldSetResponder={[Function]}
    style={
      Object {
        "backgroundColor": "#7F90EC",
        "borderRadius": 10,
        "marginBottom": 10,
        "opacity": 1,
        "width": "100%",
      }
    }
  >
    <Text
      style={
        Array [
          Object {
            "alignSelf": "center",
            "color": "#fff",
            "fontFamily": "Abel",
            "fontSize": 30,
            "padding": 10,
            "textAlign": "center",
            "width": "100%",
          },
        ]
      }
    >
      Habbajet 27
    </Text>
  </View>
  <View
    accessible={true}
    focusable={true}
    isTVSelectable={true}
    onClick={[Function]}
    onResponderGrant={[Function]}
    onResponderMove={[Function]}
    onResponderRelease={[Function]}
    onResponderTerminate={[Function]}
    onResponderTerminationRequest={[Function]}
    onStartShouldSetResponder={[Function]}
    style={
      Object {
        "backgroundColor": "#B1B952",
        "borderRadius": 10,
        "marginBottom": 10,
        "opacity": 1,
        "width": "100%",
      }
    }
  >
    <Text
      style={
        Array [
          Object {
            "alignSelf": "center",
            "color": "#fff",
            "fontFamily": "Abel",
            "fontSize": 30,
            "padding": 10,
            "textAlign": "center",
            "width": "100%",
          },
        ]
      }
    >
      Habbajet 28
    </Text>
  </View>
  <View
    accessible={true}
    focusable={true}
    isTVSelectable={true}
    onClick={[Function]}
    onResponderGrant={[Function]}
    onResponderMove={[Function]}
    onResponderRelease={[Function]}
    onResponderTerminate={[Function]}
    onResponderTerminationRequest={[Function]}
    onStartShouldSetResponder={[Function]}
    style={
      Object {
        "backgroundColor": "#000000",
        "borderRadius": 10,
        "marginBottom": 10,
        "opacity": 1,
        "width": "100%",
      }
    }
  >
    <Text
      style={
        Array [
          Object {
            "alignSelf": "center",
            "color": "#fff",
            "fontFamily": "Abel",
            "fontSize": 30,
            "padding": 10,
            "textAlign": "center",
            "width": "100%",
          },
        ]
      }
    >
      Habbajet 29
    </Text>
  </View>
</View>
`;
