// Jest Snapshot v1, https://goo.gl/fbAQLP

exports[`Edit Purchase Screen Component will map state to a purchase edit form 1`] = `
<RCTScrollView>
  <View>
    <View
      style={
        Object {
          "backgroundColor": "#ffffff",
          "height": "100%",
          "paddingHorizontal": 20,
          "paddingVertical": 10,
        }
      }
    >
      <View
        style={
          Object {
            "marginBottom": 15,
          }
        }
      >
        <Text
          style={
            Array [
              Object {
                "color": "#959595",
                "fontFamily": "Abel",
                "fontSize": 20,
                "margin": 0,
                "padding": 0,
              },
            ]
          }
        >
          Name
        </Text>
        <View
          style={
            Object {
              "flexDirection": "row",
            }
          }
        >
          <TextInput
            allowFontScaling={true}
            keyboardType="default"
            onChangeText={[Function]}
            rejectResponderTermination={true}
            style={
              Object {
                "borderColor": "#959595",
                "borderWidth": 1,
                "flex": 1,
                "fontFamily": "Abel",
                "fontSize": 30,
                "paddingLeft": 10,
              }
            }
            testID="input-Name"
            underlineColorAndroid="transparent"
            value=""
          />
        </View>
        <View />
      </View>
      <View
        style={
          Object {
            "marginBottom": 15,
          }
        }
      >
        <Text
          style={
            Array [
              Object {
                "color": "#959595",
                "fontFamily": "Abel",
                "fontSize": 20,
                "margin": 0,
                "padding": 0,
              },
            ]
          }
        >
          Cost
        </Text>
        <View
          style={
            Object {
              "flexDirection": "row",
            }
          }
        >
          <TextInput
            allowFontScaling={true}
            keyboardType="numeric"
            onChangeText={[Function]}
            rejectResponderTermination={true}
            style={
              Object {
                "borderColor": "#959595",
                "borderWidth": 1,
                "flex": 1,
                "fontFamily": "Abel",
                "fontSize": 30,
                "paddingLeft": 10,
              }
            }
            testID="input-Cost"
            underlineColorAndroid="transparent"
            value=""
          />
        </View>
        <View />
      </View>
      <View>
        <Text
          style={
            Array [
              Object {
                "color": "#959595",
                "fontFamily": "Abel",
                "fontSize": 20,
                "margin": 0,
                "padding": 0,
              },
            ]
          }
        >
          Tag
        </Text>
        <View
          style={
            Object {
              "flexDirection": "row",
              "flexWrap": "wrap",
              "marginBottom": 10,
            }
          }
        >
          <View
            accessible={true}
            focusable={true}
            isTVSelectable={true}
            onClick={[Function]}
            onResponderGrant={[Function]}
            onResponderMove={[Function]}
            onResponderRelease={[Function]}
            onResponderTerminate={[Function]}
            onResponderTerminationRequest={[Function]}
            onStartShouldSetResponder={[Function]}
            style={
              Object {
                "backgroundColor": "#8066C2",
                "borderColor": "transparent",
                "borderRadius": 8,
                "borderWidth": 4,
                "marginBottom": 5,
                "marginRight": 5,
                "opacity": 1,
              }
            }
            testID="Living-tag"
          >
            <Text
              style={
                Object {
                  "alignSelf": "center",
                  "color": "#ffffff",
                  "fontSize": 20,
                  "padding": 5,
                }
              }
            >
              Living
            </Text>
          </View>
          <View
            accessible={true}
            focusable={true}
            isTVSelectable={true}
            onClick={[Function]}
            onResponderGrant={[Function]}
            onResponderMove={[Function]}
            onResponderRelease={[Function]}
            onResponderTerminate={[Function]}
            onResponderTerminationRequest={[Function]}
            onStartShouldSetResponder={[Function]}
            style={
              Object {
                "backgroundColor": "#2AAD5E",
                "borderColor": "transparent",
                "borderRadius": 8,
                "borderWidth": 4,
                "marginBottom": 5,
                "marginRight": 5,
                "opacity": 1,
              }
            }
            testID="Groceries-tag"
          >
            <Text
              style={
                Object {
                  "alignSelf": "center",
                  "color": "#ffffff",
                  "fontSize": 20,
                  "padding": 5,
                }
              }
            >
              Groceries
            </Text>
          </View>
          <View
            accessible={true}
            focusable={true}
            isTVSelectable={true}
            onClick={[Function]}
            onResponderGrant={[Function]}
            onResponderMove={[Function]}
            onResponderRelease={[Function]}
            onResponderTerminate={[Function]}
            onResponderTerminationRequest={[Function]}
            onStartShouldSetResponder={[Function]}
            style={
              Object {
                "backgroundColor": "#959595",
                "borderColor": "transparent",
                "borderRadius": 8,
                "borderWidth": 4,
                "marginBottom": 5,
                "marginRight": 5,
                "opacity": 1,
              }
            }
            testID="new-tag"
          >
            <Text
              style={
                Object {
                  "alignSelf": "center",
                  "color": "#ffffff",
                  "fontSize": 20,
                  "padding": 5,
                }
              }
            >
              New Tag
            </Text>
          </View>
        </View>
      </View>
      <View
        accessible={true}
        focusable={true}
        isTVSelectable={true}
        onClick={[Function]}
        onResponderGrant={[Function]}
        onResponderMove={[Function]}
        onResponderRelease={[Function]}
        onResponderTerminate={[Function]}
        onResponderTerminationRequest={[Function]}
        onStartShouldSetResponder={[Function]}
        style={
          Object {
            "backgroundColor": "#959595",
            "borderRadius": 10,
            "marginBottom": 10,
            "opacity": 1,
            "width": "100%",
          }
        }
        testID="button-submit"
      >
        <Text
          style={
            Array [
              Object {
                "alignSelf": "center",
                "color": "#ffffff",
                "fontFamily": "Abel",
                "fontSize": 30,
                "padding": 10,
                "textAlign": "center",
                "width": "100%",
              },
            ]
          }
        >
          Done
        </Text>
      </View>
    </View>
  </View>
</RCTScrollView>
`;
