// Jest Snapshot v1, https://goo.gl/fbAQLP

exports[`Home Screen Component will map state to a budget display and habbajet list 1`] = `
<RCTScrollView>
  <View>
    <View
      style={
        Object {
          "paddingHorizontal": 20,
          "paddingVertical": 10,
        }
      }
    >
      <View
        style={
          Object {
            "flexDirection": "row",
          }
        }
      >
        <View>
          <Text
            style={
              Array [
                Object {
                  "fontFamily": "Abel",
                  "fontSize": 20,
                  "margin": 0,
                  "padding": 0,
                },
                Object {
                  "color": "#959595",
                },
              ]
            }
          >
            My Budget
          </Text>
          <Text
            style={
              Array [
                Object {
                  "fontFamily": "Abel",
                  "marginTop": -10,
                  "padding": 0,
                },
                Object {
                  "fontSize": 50,
                },
              ]
            }
          >
            $200.00
          </Text>
        </View>
        <View
          style={
            Object {
              "marginLeft": 20,
              "marginTop": 20,
            }
          }
        >
          <View
            accessible={true}
            focusable={true}
            isTVSelectable={true}
            onClick={[Function]}
            onResponderGrant={[Function]}
            onResponderMove={[Function]}
            onResponderRelease={[Function]}
            onResponderTerminate={[Function]}
            onResponderTerminationRequest={[Function]}
            onStartShouldSetResponder={[Function]}
            style={
              Object {
                "opacity": 1,
              }
            }
            testID="button-arrow"
          >
            <
              color="#959595"
              icon={
                Object {
                  "icon": Array [
                    512,
                    512,
                    Array [],
                    "f0a9",
                    "M256 8c137 0 248 111 248 248S393 504 256 504 8 393 8 256 119 8 256 8zm-28.9 143.6l75.5 72.4H120c-13.3 0-24 10.7-24 24v16c0 13.3 10.7 24 24 24h182.6l-75.5 72.4c-9.7 9.3-9.9 24.8-.4 34.3l11 10.9c9.4 9.4 24.6 9.4 33.9 0L404.3 273c9.4-9.4 9.4-24.6 0-33.9L271.6 106.3c-9.4-9.4-24.6-9.4-33.9 0l-11 10.9c-9.5 9.6-9.3 25.1.4 34.4z",
                  ],
                  "iconName": "arrow-circle-right",
                  "prefix": "fas",
                }
              }
              size={40}
            />
          </View>
        </View>
      </View>
      <View
        style={
          Object {
            "justifyContent": "space-between",
          }
        }
      >
        <Text
          style={
            Object {
              "color": "#959595",
              "fontFamily": "Abel",
              "fontSize": 20,
              "margin": 0,
              "padding": 0,
            }
          }
        >
          My Habits
        </Text>
        <View
          accessible={true}
          focusable={true}
          isTVSelectable={true}
          onClick={[Function]}
          onResponderGrant={[Function]}
          onResponderMove={[Function]}
          onResponderRelease={[Function]}
          onResponderTerminate={[Function]}
          onResponderTerminationRequest={[Function]}
          onStartShouldSetResponder={[Function]}
          style={
            Object {
              "backgroundColor": "#8066C2",
              "borderRadius": 10,
              "marginBottom": 10,
              "opacity": 1,
              "width": "100%",
            }
          }
          testID="button-habbajet-0"
        >
          <Text
            style={
              Array [
                Object {
                  "alignSelf": "center",
                  "color": "#ffffff",
                  "fontFamily": "Abel",
                  "fontSize": 30,
                  "padding": 10,
                  "textAlign": "center",
                  "width": "100%",
                },
              ]
            }
          >
            Habbajet 0
          </Text>
          <View
            style={
              Object {
                "backgroundColor": "#ffffff",
                "borderRadius": 10,
                "height": 20,
                "position": "absolute",
                "right": 17,
                "top": 17,
                "width": 20,
              }
            }
          />
        </View>
        <View
          accessible={true}
          focusable={true}
          isTVSelectable={true}
          onClick={[Function]}
          onResponderGrant={[Function]}
          onResponderMove={[Function]}
          onResponderRelease={[Function]}
          onResponderTerminate={[Function]}
          onResponderTerminationRequest={[Function]}
          onStartShouldSetResponder={[Function]}
          style={
            Object {
              "backgroundColor": "#E04747",
              "borderRadius": 10,
              "marginBottom": 10,
              "opacity": 1,
              "width": "100%",
            }
          }
          testID="button-habbajet-1"
        >
          <Text
            style={
              Array [
                Object {
                  "alignSelf": "center",
                  "color": "#ffffff",
                  "fontFamily": "Abel",
                  "fontSize": 30,
                  "padding": 10,
                  "textAlign": "center",
                  "width": "100%",
                },
              ]
            }
          >
            Habbajet 1
          </Text>
          <View
            style={
              Object {
                "backgroundColor": "#ffffff",
                "borderRadius": 10,
                "height": 20,
                "position": "absolute",
                "right": 17,
                "top": 17,
                "width": 20,
              }
            }
          />
        </View>
        <View
          accessible={true}
          focusable={true}
          isTVSelectable={true}
          onClick={[Function]}
          onResponderGrant={[Function]}
          onResponderMove={[Function]}
          onResponderRelease={[Function]}
          onResponderTerminate={[Function]}
          onResponderTerminationRequest={[Function]}
          onStartShouldSetResponder={[Function]}
          style={
            Object {
              "backgroundColor": "#2AAD5E",
              "borderRadius": 10,
              "marginBottom": 10,
              "opacity": 1,
              "width": "100%",
            }
          }
          testID="button-habbajet-2"
        >
          <Text
            style={
              Array [
                Object {
                  "alignSelf": "center",
                  "color": "#ffffff",
                  "fontFamily": "Abel",
                  "fontSize": 30,
                  "padding": 10,
                  "textAlign": "center",
                  "width": "100%",
                },
              ]
            }
          >
            Habbajet 2
          </Text>
          <View
            style={
              Object {
                "backgroundColor": "#ffffff",
                "borderRadius": 10,
                "height": 20,
                "position": "absolute",
                "right": 17,
                "top": 17,
                "width": 20,
              }
            }
          />
        </View>
        <View
          accessible={true}
          focusable={true}
          isTVSelectable={true}
          onClick={[Function]}
          onResponderGrant={[Function]}
          onResponderMove={[Function]}
          onResponderRelease={[Function]}
          onResponderTerminate={[Function]}
          onResponderTerminationRequest={[Function]}
          onStartShouldSetResponder={[Function]}
          style={
            Object {
              "backgroundColor": "#B1B952",
              "borderRadius": 10,
              "marginBottom": 10,
              "opacity": 1,
              "width": "100%",
            }
          }
          testID="button-habbajet-3"
        >
          <Text
            style={
              Array [
                Object {
                  "alignSelf": "center",
                  "color": "#ffffff",
                  "fontFamily": "Abel",
                  "fontSize": 30,
                  "padding": 10,
                  "textAlign": "center",
                  "width": "100%",
                },
              ]
            }
          >
            Habbajet 3
          </Text>
          <View
            style={
              Object {
                "backgroundColor": "#ffffff",
                "borderRadius": 10,
                "height": 20,
                "position": "absolute",
                "right": 17,
                "top": 17,
                "width": 20,
              }
            }
          />
        </View>
        <View
          accessible={true}
          focusable={true}
          isTVSelectable={true}
          onClick={[Function]}
          onResponderGrant={[Function]}
          onResponderMove={[Function]}
          onResponderRelease={[Function]}
          onResponderTerminate={[Function]}
          onResponderTerminationRequest={[Function]}
          onStartShouldSetResponder={[Function]}
          style={
            Object {
              "backgroundColor": "#7F90EC",
              "borderRadius": 10,
              "marginBottom": 10,
              "opacity": 1,
              "width": "100%",
            }
          }
          testID="button-habbajet-4"
        >
          <Text
            style={
              Array [
                Object {
                  "alignSelf": "center",
                  "color": "#ffffff",
                  "fontFamily": "Abel",
                  "fontSize": 30,
                  "padding": 10,
                  "textAlign": "center",
                  "width": "100%",
                },
              ]
            }
          >
            Habbajet 4
          </Text>
          <View
            style={
              Object {
                "backgroundColor": "#ffffff",
                "borderRadius": 10,
                "height": 20,
                "position": "absolute",
                "right": 17,
                "top": 17,
                "width": 20,
              }
            }
          />
        </View>
      </View>
      <View
        accessible={true}
        focusable={true}
        isTVSelectable={true}
        onClick={[Function]}
        onResponderGrant={[Function]}
        onResponderMove={[Function]}
        onResponderRelease={[Function]}
        onResponderTerminate={[Function]}
        onResponderTerminationRequest={[Function]}
        onStartShouldSetResponder={[Function]}
        style={
          Object {
            "backgroundColor": "#959595",
            "borderRadius": 10,
            "marginBottom": 10,
            "opacity": 1,
            "width": "100%",
          }
        }
      >
        <Text
          style={
            Array [
              Object {
                "alignSelf": "center",
                "color": "#ffffff",
                "fontFamily": "Abel",
                "fontSize": 30,
                "padding": 10,
                "textAlign": "center",
                "width": "100%",
              },
            ]
          }
        >
          New Habbajet
        </Text>
      </View>
    </View>
  </View>
</RCTScrollView>
`;
