// Jest Snapshot v1, https://goo.gl/fbAQLP

exports[`New Habbajet Screen Component will map state to a habbajet creation form 1`] = `
<RCTScrollView
  style={
    Object {
      "backgroundColor": "#ffffff",
      "height": "100%",
      "paddingHorizontal": 20,
      "paddingVertical": 10,
    }
  }
>
  <View>
    <View>
      <View
        accessible={true}
        focusable={true}
        isTVSelectable={true}
        onClick={[Function]}
        onResponderGrant={[Function]}
        onResponderMove={[Function]}
        onResponderRelease={[Function]}
        onResponderTerminate={[Function]}
        onResponderTerminationRequest={[Function]}
        onStartShouldSetResponder={[Function]}
        style={
          Object {
            "backgroundColor": "#959595",
            "borderRadius": 10,
            "marginBottom": 10,
            "opacity": 1,
            "width": "100%",
          }
        }
      >
        <Text
          style={
            Array [
              Object {
                "alignSelf": "center",
                "color": "#ffffff",
                "fontFamily": "Abel",
                "fontSize": 30,
                "padding": 10,
                "textAlign": "center",
                "width": "100%",
              },
            ]
          }
        >
          Done
        </Text>
      </View>
    </View>
  </View>
</RCTScrollView>
`;
